
> my-app@1.0.0 test
> node --test test/moon-vow.test.js

TAP version 13
# Subtest: Private Eligibility Verifier Tests
    # Subtest: 1. proveEligibility with valid value (>= 18) succeeds and sets status to true
    not ok 1 - 1. proveEligibility with valid value (>= 18) succeeds and sets status to true
      ---
      duration_ms: 0.966703
      type: 'test'
      location: '/home/runner/work/new-moon/new-moon/test/moon-vow.test.js:13:3'
      failureType: 'testCodeFailure'
      error: 'first (witnesses) argument to Contract constructor does not contain a function-valued field named goalTextHash'
      code: 'ERR_TEST_FAILURE'
      name: 'CompactError'
      stack: |-
        new Contract (file:///home/runner/work/new-moon/new-moon/contracts/managed/moon-vow/contract/index.js:61:13)
        TestContext.<anonymous> (file:///home/runner/work/new-moon/new-moon/test/moon-vow.test.js:21:22)
        Test.runInAsyncScope (node:async_hooks:214:14)
        Test.run (node:internal/test_runner/test:1047:25)
        Test.start (node:internal/test_runner/test:944:17)
        node:internal/test_runner/test:1440:71
        node:internal/per_context/primordials:466:82
        new Promise (<anonymous>)
        new SafePromise (node:internal/per_context/primordials:435:3)
        node:internal/per_context/primordials:466:9
      ...
    # Subtest: 2. proveEligibility boundary test: raw value is NOT in public state
    not ok 2 - 2. proveEligibility boundary test: raw value is NOT in public state
      ---
      duration_ms: 0.194202
      type: 'test'
      location: '/home/runner/work/new-moon/new-moon/test/moon-vow.test.js:57:3'
      failureType: 'testCodeFailure'
      error: 'first (witnesses) argument to Contract constructor does not contain a function-valued field named goalTextHash'
      code: 'ERR_TEST_FAILURE'
      name: 'CompactError'
      stack: |-
        new Contract (file:///home/runner/work/new-moon/new-moon/contracts/managed/moon-vow/contract/index.js:61:13)
        TestContext.<anonymous> (file:///home/runner/work/new-moon/new-moon/test/moon-vow.test.js:65:22)
        Test.runInAsyncScope (node:async_hooks:214:14)
        Test.run (node:internal/test_runner/test:1047:25)
        Suite.processPendingSubtests (node:internal/test_runner/test:744:18)
        Test.postRun (node:internal/test_runner/test:1173:19)
        Test.run (node:internal/test_runner/test:1101:12)
        async Promise.all (index 0)
        async Suite.run (node:internal/test_runner/test:1442:7)
        async startSubtestAfterBootstrap (node:internal/test_runner/harness:296:3)
      ...
    # Subtest: 3. proveEligibility fails when value is under threshold
    not ok 3 - 3. proveEligibility fails when value is under threshold
      ---
      duration_ms: 0.248353
      type: 'test'
      location: '/home/runner/work/new-moon/new-moon/test/moon-vow.test.js:94:3'
      failureType: 'testCodeFailure'
      error: 'first (witnesses) argument to Contract constructor does not contain a function-valued field named goalTextHash'
      code: 'ERR_TEST_FAILURE'
      name: 'CompactError'
      stack: |-
        new Contract (file:///home/runner/work/new-moon/new-moon/contracts/managed/moon-vow/contract/index.js:61:13)
        TestContext.<anonymous> (file:///home/runner/work/new-moon/new-moon/test/moon-vow.test.js:102:22)
        Test.runInAsyncScope (node:async_hooks:214:14)
        Test.run (node:internal/test_runner/test:1047:25)
        Suite.processPendingSubtests (node:internal/test_runner/test:744:18)
        Test.postRun (node:internal/test_runner/test:1173:19)
        Test.run (node:internal/test_runner/test:1101:12)
        async Suite.processPendingSubtests (node:internal/test_runner/test:744:7)
      ...
    1..3
not ok 1 - Private Eligibility Verifier Tests
  ---
  duration_ms: 2.613803
  type: 'suite'
  location: '/home/runner/work/new-moon/new-moon/test/moon-vow.test.js:12:1'
  failureType: 'subtestsFailed'
  error: '3 subtests failed'
  code: 'ERR_TEST_FAILURE'
  ...
1..1
# tests 3
# suites 1
# pass 0
# fail 3
# cancelled 0
# skipped 0
# todo 0
# duration_ms 187.532029
